$ node --version
v22.14.0

$ npm --version
10.9.2

$ git clone https://github.com/sergiocaballeroo/tarea2-ia-ui.git
Cloning into 'tarea2-ia-ui'...

$ npm install  (37 s)
added 414 packages, and audited 415 packages in 37s

102 packages are looking for funding
  run `npm fund` for details

found 0 vulnerabilities

$ npm run start:biblioteca
> tarea2-ia-ui@0.0.0 start:biblioteca
> ng serve biblioteca

[33m❯[39m Building...
[32m✔[39m Building...
[1mInitial chunk files[22m[2m | [22m[1mNames[22m        [2m | [22m[1mRaw size[22m
[32mchunk-K3SQPIMN.js[39m  [2m | [22m[2m-[22m            [2m | [22m[36m18.17 kB[39m[2m | [22m
[32mmain.js[39m            [2m | [22m[2mmain[22m         [2m | [22m[36m17.80 kB[39m[2m | [22m
[32mstyles.css[39m         [2m | [22m[2mstyles[22m       [2m | [22m[36m10.65 kB[39m[2m | [22m

[1m [22m                  [2m | [22m[1mInitial total[22m[2m | [22m[1m46.62 kB[22m

[1mLazy chunk files[22m   [2m | [22m[1mNames[22m        [2m | [22m[1mRaw size[22m
[32mchunk-DABQ4P6V.js[39m  [2m | [22m[2mprestamos[22m    [2m | [22m[36m43.43 kB[39m[2m | [22m
[32mchunk-FUFBSJZC.js[39m  [2m | [22m[2mlibros[22m       [2m | [22m[36m38.69 kB[39m[2m | [22m
[32mchunk-RR3BATNH.js[39m  [2m | [22m[2msocios[22m       [2m | [22m[36m36.08 kB[39m[2m | [22m
[32mchunk-2WFB6VCH.js[39m  [2m | [22m[2mdashboard[22m    [2m | [22m[36m19.85 kB[39m[2m | [22m
[32mchunk-IVBTEXFD.js[39m  [2m | [22m[2mvencidos[22m     [2m | [22m[36m18.52 kB[39m[2m | [22m
[32mchunk-DEGFVZTH.js[39m  [2m | [22m[2majustes[22m      [2m | [22m[36m16.39 kB[39m[2m | [22m
[32mchunk-WJ5LPWX2.js[39m  [2m | [22m[2m-[22m            [2m | [22m [36m5.55 kB[39m[2m | [22m
[32mchunk-54KXAWJC.js[39m  [2m | [22m[2m-[22m            [2m | [22m [36m1.36 kB[39m[2m | [22m

Application bundle generation complete. [8.230 seconds] - 2026-09-19T01:26:35.146Z

Watch mode enabled. Watching for file changes...
NOTE: Raw file sizes do not reflect development server per-request transformations.
  [32m➜[39m  [1mLocal[22m:   [36mhttp://localhost:[1m4200[22m/[39m

$ npm run start:clinica
> tarea2-ia-ui@0.0.0 start:clinica
> ng serve clinica --port 4300

[33m❯[39m Building...
[32m✔[39m Building...
[1mInitial chunk files[22m[2m | [22m[1mNames[22m        [2m | [22m[1mRaw size[22m
[32mmain.js[39m            [2m | [22m[2mmain[22m         [2m | [22m[36m19.38 kB[39m[2m | [22m
[32mstyles.css[39m         [2m | [22m[2mstyles[22m       [2m | [22m[36m10.89 kB[39m[2m | [22m
[32mchunk-MTFBGB7R.js[39m  [2m | [22m[2m-[22m            [2m | [22m [36m5.47 kB[39m[2m | [22m

[1m [22m                  [2m | [22m[1mInitial total[22m[2m | [22m[1m35.73 kB[22m

[1mLazy chunk files[22m   [2m | [22m[1mNames[22m        [2m | [22m[1mRaw size[22m
[32mchunk-HNHXBZR7.js[39m  [2m | [22m[2magendar[22m      [2m | [22m[36m47.12 kB[39m[2m | [22m
[32mchunk-OZTW74JM.js[39m  [2m | [22m[2mrecepcion[22m    [2m | [22m[36m37.73 kB[39m[2m | [22m
[32mchunk-2JTQHDKB.js[39m  [2m | [22m[2minicio[22m       [2m | [22m[36m17.40 kB[39m[2m | [22m
[32mchunk-5YC253DT.js[39m  [2m | [22m[2mmis-citas[22m    [2m | [22m[36m17.39 kB[39m[2m | [22m
[32mchunk-7AQSMJSX.js[39m  [2m | [22m[2mcontacto[22m     [2m | [22m[36m13.94 kB[39m[2m | [22m
[32mchunk-JWKL6PGS.js[39m  [2m | [22m[2m-[22m            [2m | [22m[36m13.16 kB[39m[2m | [22m
[32mchunk-JEKSXUL5.js[39m  [2m | [22m[2mservicios[22m    [2m | [22m [36m9.65 kB[39m[2m | [22m
[32mchunk-V2GN526V.js[39m  [2m | [22m[2mequipo[22m       [2m | [22m [36m9.38 kB[39m[2m | [22m

Application bundle generation complete. [9.353 seconds] - 2026-09-19T01:26:49.472Z

Watch mode enabled. Watching for file changes...
NOTE: Raw file sizes do not reflect development server per-request transformations.
  [32m➜[39m  [1mLocal[22m:   [36mhttp://localhost:[1m4300[22m/[39m